 heapdump

 Timestamp is 5ad474b8 (Mon Apr 16 12:02:32 2018)

 Preferred load address is 00400000

 Start         Length     Name                   Class
 0001:00000000 00001b50H .text                   CODE
 0002:00000000 00000074H .idata$5                DATA
 0002:00000078 0000005cH .rdata                  DATA
 0002:000000d4 00000014H .idata$2                DATA
 0002:000000e8 00000014H .idata$3                DATA
 0002:000000fc 00000074H .idata$4                DATA
 0002:00000170 00000162H .idata$6                DATA
 0002:000002d2 00000000H .edata                  DATA
 0003:00000000 00000004H .CRT$XCA                DATA
 0003:00000004 00000004H .CRT$XCZ                DATA
 0003:00000008 00000004H .CRT$XIA                DATA
 0003:0000000c 00000004H .CRT$XIZ                DATA
 0003:00000010 00001174H .data                   DATA
 0003:00001188 00000068H .bss                    DATA

  Address         Publics by Value              Rva+Base     Lib:Object

 0001:00000000       ?usage@@YAXXZ              00401000 f   ConsoleApp.obj
 0001:00000048       _main                      00401048 f   ConsoleApp.obj
 0001:00000ae0       ?init_stack__@@YAXXZ       00401ae0 f   heapdump.obj
 0001:00000b69       _init_heapdump             00401b69 f   heapdump.obj
 0001:00000d1b       _get_memory_dimenions      00401d1b f   heapdump.obj
 0001:00000d75       _get_heap_bottom_chunk     00401d75 f   heapdump.obj
 0001:00000dd4       _get_current_contiguous_heap_limit 00401dd4 f   heapdump.obj
 0001:00000e7f       _get_allocated_chunk_size  00401e7f f   heapdump.obj
 0001:00000efa       _get_allocated_payload_size 00401efa f   heapdump.obj
 0001:00000f28       _dump_heap_footprint       00401f28 f   heapdump.obj
 0001:00001276       _dump_heap_details         00402276 f   heapdump.obj
 0001:00001303       _dump_heap_hex             00402303 f   heapdump.obj
 0001:00001586       _dump_heap_raw             00402586 f   heapdump.obj
 0001:00001680       ?dump_chunk@@YAXPAII@Z     00402680 f i heapdump.obj
 0001:00001890       ?human_readable__@@YADD@Z  00402890 f i heapdump.obj
 0001:000018c4       _printf                    004028c4 f   MSVCRTD:MSVCRTD.dll
 0001:000018ca       __chkesp                   004028ca f   MSVCRTD:MSVCRTD.dll
 0001:000018d0       _getchar                   004028d0 f   MSVCRTD:MSVCRTD.dll
 0001:000018d6       _malloc                    004028d6 f   MSVCRTD:MSVCRTD.dll
 0001:000018dc       _fflush                    004028dc f   MSVCRTD:MSVCRTD.dll
 0001:000018e2       _strtoul                   004028e2 f   MSVCRTD:MSVCRTD.dll
 0001:000018e8       _strtod                    004028e8 f   MSVCRTD:MSVCRTD.dll
 0001:000018ee       _free                      004028ee f   MSVCRTD:MSVCRTD.dll
 0001:000018f4       _strcmp                    004028f4 f   MSVCRTD:MSVCRTD.dll
 0001:00001900       __ftol                     00402900 f   MSVCRTD:MSVCRTD.dll
 0001:00001906       __heapwalk                 00402906 f   MSVCRTD:MSVCRTD.dll
 0001:0000190c       __msize                    0040290c f   MSVCRTD:MSVCRTD.dll
 0001:00001920       _mainCRTStartup            00402920 f   MSVCRTD:crtexe.obj
 0001:00001a68       __exit                     00402a68 f   MSVCRTD:MSVCRTD.dll
 0001:00001a6e       __XcptFilter               00402a6e f   MSVCRTD:MSVCRTD.dll
 0001:00001a74       _exit                      00402a74 f   MSVCRTD:MSVCRTD.dll
 0001:00001a7a       ___p___initenv             00402a7a f   MSVCRTD:MSVCRTD.dll
 0001:00001a80       ___getmainargs             00402a80 f   MSVCRTD:MSVCRTD.dll
 0001:00001a86       __initterm                 00402a86 f   MSVCRTD:MSVCRTD.dll
 0001:00001a90       __setdefaultprecision      00402a90 f   MSVCRTD:fp8.obj
 0001:00001aa8       ___setusermatherr          00402aa8 f   MSVCRTD:MSVCRTD.dll
 0001:00001ab0       __matherr                  00402ab0 f   MSVCRTD:merr.obj
 0001:00001ac0       __setargv                  00402ac0 f   MSVCRTD:dllargv.obj
 0001:00001ac6       ___p__commode              00402ac6 f   MSVCRTD:MSVCRTD.dll
 0001:00001acc       ___p__fmode                00402acc f   MSVCRTD:MSVCRTD.dll
 0001:00001ae0       __onexit                   00402ae0 f   MSVCRTD:atonexit.obj
 0001:00001b20       _atexit                    00402b20 f   MSVCRTD:atonexit.obj
 0001:00001b38       ___set_app_type            00402b38 f   MSVCRTD:MSVCRTD.dll
 0001:00001b3e       __except_handler3          00402b3e f   MSVCRTD:MSVCRTD.dll
 0001:00001b44       __controlfp                00402b44 f   MSVCRTD:MSVCRTD.dll
 0001:00001b4a       ___dllonexit               00402b4a f   MSVCRTD:MSVCRTD.dll
 0002:00000000       __imp___XcptFilter         00403000     MSVCRTD:MSVCRTD.dll
 0002:00000004       __imp___chkesp             00403004     MSVCRTD:MSVCRTD.dll
 0002:00000008       __imp__getchar             00403008     MSVCRTD:MSVCRTD.dll
 0002:0000000c       __imp__malloc              0040300c     MSVCRTD:MSVCRTD.dll
 0002:00000010       __imp__fflush              00403010     MSVCRTD:MSVCRTD.dll
 0002:00000014       __imp___iob                00403014     MSVCRTD:MSVCRTD.dll
 0002:00000018       __imp__strtoul             00403018     MSVCRTD:MSVCRTD.dll
 0002:0000001c       __imp__strtod              0040301c     MSVCRTD:MSVCRTD.dll
 0002:00000020       __imp__free                00403020     MSVCRTD:MSVCRTD.dll
 0002:00000024       __imp__strcmp              00403024     MSVCRTD:MSVCRTD.dll
 0002:00000028       __imp___ftol               00403028     MSVCRTD:MSVCRTD.dll
 0002:0000002c       __imp___heapwalk           0040302c     MSVCRTD:MSVCRTD.dll
 0002:00000030       __imp___msize              00403030     MSVCRTD:MSVCRTD.dll
 0002:00000034       __imp___exit               00403034     MSVCRTD:MSVCRTD.dll
 0002:00000038       __imp__printf              00403038     MSVCRTD:MSVCRTD.dll
 0002:0000003c       __imp__exit                0040303c     MSVCRTD:MSVCRTD.dll
 0002:00000040       __imp____p___initenv       00403040     MSVCRTD:MSVCRTD.dll
 0002:00000044       __imp____getmainargs       00403044     MSVCRTD:MSVCRTD.dll
 0002:00000048       __imp___initterm           00403048     MSVCRTD:MSVCRTD.dll
 0002:0000004c       __imp____setusermatherr    0040304c     MSVCRTD:MSVCRTD.dll
 0002:00000050       __imp___adjust_fdiv        00403050     MSVCRTD:MSVCRTD.dll
 0002:00000054       __imp____p__commode        00403054     MSVCRTD:MSVCRTD.dll
 0002:00000058       __imp____p__fmode          00403058     MSVCRTD:MSVCRTD.dll
 0002:0000005c       __imp____set_app_type      0040305c     MSVCRTD:MSVCRTD.dll
 0002:00000060       __imp___except_handler3    00403060     MSVCRTD:MSVCRTD.dll
 0002:00000064       __imp___controlfp          00403064     MSVCRTD:MSVCRTD.dll
 0002:00000068       __imp____dllonexit         00403068     MSVCRTD:MSVCRTD.dll
 0002:0000006c       __imp___onexit             0040306c     MSVCRTD:MSVCRTD.dll
 0002:00000070       \177MSVCRTD_NULL_THUNK_DATA 00403070     MSVCRTD:MSVCRTD.dll
 0002:000000b8       __real@8@40098000000000000000 004030b8     ConsoleApp.obj
 0002:000000c0       __real@8@00000000000000000000 004030c0     ConsoleApp.obj
 0002:000000d4       __IMPORT_DESCRIPTOR_MSVCRTD 004030d4     MSVCRTD:MSVCRTD.dll
 0002:000000e8       __NULL_IMPORT_DESCRIPTOR   004030e8     MSVCRTD:MSVCRTD.dll
 0003:00000000       ___xc_a                    00404000     MSVCRTD:cinitexe.obj
 0003:00000004       ___xc_z                    00404004     MSVCRTD:cinitexe.obj
 0003:00000008       ___xi_a                    00404008     MSVCRTD:cinitexe.obj
 0003:0000000c       ___xi_z                    0040400c     MSVCRTD:cinitexe.obj
 0003:00001014       ??_C@_0BBF@NCBD@?5?50x?$CF08X?5?$CL?9?9?9?9?9?9?9?9?9?9?9?9?9?9?9?9?9?9?9?9?9?9@ 00405014     heapdump.obj
 0003:0000112c       ??_C@_0O@GOIL@?5BOTTOM?5CHUNK?$AA@ 0040512c     heapdump.obj
 0003:0000113c       ??_C@_0L@ECKD@?5TOP?5CHUNK?$AA@ 0040513c     heapdump.obj
 0003:00001148       ??_C@_0CL@ECLC@?5?5?5?5?5?5?5?5?5?5?5?5?5?$CL?9?9?9?9?9?9?9?9?9?9?9?9?9?9?9?9?9?9@ 00405148     heapdump.obj
 0003:00001180       ___defaultmatherr          00405180     MSVCRTD:merr.obj
 0003:000011d0       ??_C@_00A@?$AA@            004051d0     heapdump.obj
 0003:000011d4       __dowildcard               004051d4     MSVCRTD:wildcard.obj
 0003:000011d8       __newmode                  004051d8     MSVCRTD:_newmode.obj
 0003:000011dc       __commode                  004051dc     MSVCRTD:xncommod.obj
 0003:000011e0       __fmode                    004051e0     MSVCRTD:xtxtmode.obj
 0003:000011e4       ___onexitend               004051e4     <common>
 0003:000011e8       ___onexitbegin             004051e8     <common>
 0003:000011ec       __adjust_fdiv              004051ec     <common>

 entry point at        0001:00001920

 Static symbols

